npx : [baseline-browser
-mapping] The data in 
this module is over 
two months old.  To 
ensure accurate 
Baseline data, please 
update: `npm i baseline
-browser-mapping@latest
 -D`
At line:1 char:1
+ npx next build 2>&1 
> d:\lms\nextcareerlabs
\build_output.txt; 
Get-Con ...
+ ~~~~~~~~~~~~~~~~~~~~~
~~~~~~~~~~~~~~~~~~~~~~~
~~~~~~~~~~~~~~~~
    + CategoryInfo     
         : NotSpecifi  
  ed: ([baseline-bro   
 ws...ping@latest -    
D`:String) [], Rem    
oteException
    + FullyQualifiedEr 
   rorId : NativeComm  
  andError
 
   Γû▓ Next.js 16.0.7 (Turbopack)
   - Environments: .env

   Creating an optimized production build ...
[baseline-browser-mappi
ng] The data in this 
module is over two 
months old.  To ensure 
accurate Baseline 
data, please update: 
`npm i baseline-browser
-mapping@latest -D`
 Γ£ô Compiled successfully in 23.8s
   Running TypeScript ...
   Collecting page data using 11 workers ...
[baseline-browser-mappi
ng] The data in this 
module is over two 
months old.  To ensure 
accurate Baseline 
data, please update: 
`npm i baseline-browser
-mapping@latest -D`
[baseline-browser-mappi
ng] The data in this 
module is over two 
months old.  To ensure 
accurate Baseline 
data, please update: 
`npm i baseline-browser
-mapping@latest -D`
[baseline-browser-mappi
ng] The data in this 
module is over two 
months old.  To ensure 
accurate Baseline 
data, please update: 
`npm i baseline-browser
-mapping@latest -D`
[baseline-browser-mappi
ng] The data in this 
module is over two 
months old.  To ensure 
accurate Baseline 
data, please update: 
`npm i baseline-browser
-mapping@latest -D`
[baseline-browser-mappi
ng] The data in this 
module is over two 
months old.  To ensure 
accurate Baseline 
data, please update: 
`npm i baseline-browser
-mapping@latest -D`
[baseline-browser-mappi
ng] The data in this 
module is over two 
months old.  To ensure 
accurate Baseline 
data, please update: 
`npm i baseline-browser
-mapping@latest -D`
[baseline-browser-mappi
ng] The data in this 
module is over two 
months old.  To ensure 
accurate Baseline 
data, please update: 
`npm i baseline-browser
-mapping@latest -D`
[baseline-browser-mappi
ng] The data in this 
module is over two 
months old.  To ensure 
accurate Baseline 
data, please update: 
`npm i baseline-browser
-mapping@latest -D`
[baseline-browser-mappi
ng] The data in this 
module is over two 
months old.  To ensure 
accurate Baseline 
data, please update: 
`npm i baseline-browser
-mapping@latest -D`
[baseline-browser-mappi
ng] The data in this 
module is over two 
months old.  To ensure 
accurate Baseline 
data, please update: 
`npm i baseline-browser
-mapping@latest -D`
[baseline-browser-mappi
ng] The data in this 
module is over two 
months old.  To ensure 
accurate Baseline 
data, please update: 
`npm i baseline-browser
-mapping@latest -D`
Γ£ªAj WARN Arcjet will 
use 127.0.0.1 when 
missing public IP 
address in development 
mode
Γ£ªAj WARN Arcjet will 
use 127.0.0.1 when 
missing public IP 
address in development 
mode
Γ£ªAj WARN Arcjet will 
use 127.0.0.1 when 
missing public IP 
address in development 
mode
   Generating static pages using 11 workers (0/22) ...
[baseline-browser-mappi
ng] The data in this 
module is over two 
months old.  To ensure 
accurate Baseline 
data, please update: 
`npm i baseline-browser
-mapping@latest -D`
   Generating static pages using 11 workers (5/22) 
Γ£ªAj WARN Arcjet will 
use 127.0.0.1 when 
missing public IP 
address in development 
mode
   Generating static pages using 11 workers (10/22) 
   Generating static pages using 11 workers (16/22) 
 Γ£ô Generating static pages using 11 workers (22/22) in 4.6s
   Finalizing page optimization ...

Route (app)                                           Revalidate  Expire
Γöî Γùï /                                                         1h      1y
Γö£ Γùï /_not-found
Γö£ Γùï /admin
Γö£ Γùï /admin/analytics
Γö£ ╞Æ /admin/analytics/users
Γö£ ╞Æ /admin/analytics/users/[userId]
Γö£ ╞Æ /admin/analytics/users/[userId]/[courseId]
Γö£ Γùï /admin/courses
Γö£ ╞Æ /admin/courses/[courseId]/[chapterId]/[lessonId]
Γö£ ╞Æ /admin/courses/[courseId]/delete
Γö£ ╞Æ /admin/courses/[courseId]/edit
Γö£ Γùï /admin/courses/create
Γö£ ╞Æ /admin/requests
Γö£ ╞Æ /admin/resources
Γö£ ╞Æ /api/auth/[...all]
Γö£ ╞Æ /api/auth/check-provider
Γö£ Γùï /api/auth/error
Γö£ ╞Æ /api/s3/delete
Γö£ ╞Æ /api/s3/upload
Γö£ ╞Æ /api/user/enrolled-courses
Γö£ ╞Æ /api/user/resources-access
Γö£ ╞Æ /api/video/key/[lessonId]
Γö£ Γùï /banned
Γö£ ╞Æ /courses
Γö£ ╞Æ /courses/[slug]
Γö£ ╞Æ /dashboard
Γö£ ╞Æ /dashboard/[slug]
Γö£ ╞Æ /dashboard/[slug]/[lessonId]
Γö£ ╞Æ /dashboard/available-courses
Γö£ ╞Æ /dashboard/my-courses
Γö£ ╞Æ /dashboard/resources
Γö£ ╞Æ /login
Γö£ Γùï /not-admin
Γö£ Γùï /privacy
Γö£ Γùï /terms
Γöö Γùï /verify-request


╞Æ Proxy (Middleware)

Γùï  (Static)   prerendered as static content
╞Æ  (Dynamic)  server-rendered on demand

