node_modules/.pnpm/@tabler+icons-react@3.36.0_react@19.2.0/node_modules/@tabler/icons-react/dist/tabler-icons-react.d.ts(2,10): error TS2305: Module '"react"' has no exported member 'ReactSVG'.
node_modules/.pnpm/@tanstack+query-core@5.90.16/node_modules/@tanstack/query-core/build/legacy/focusManager.d.ts(6,5): error TS18028: Private identifiers are only available when targeting ECMAScript 2015 and higher.
node_modules/.pnpm/@tanstack+query-core@5.90.16/node_modules/@tanstack/query-core/build/legacy/hydration-C-jfQLut.d.ts(9,5): error TS18028: Private identifiers are only available when targeting ECMAScript 2015 and higher.
node_modules/.pnpm/@tanstack+query-core@5.90.16/node_modules/@tanstack/query-core/build/legacy/hydration-C-jfQLut.d.ts(115,5): error TS18028: Private identifiers are only available when targeting ECMAScript 2015 and higher.
node_modules/.pnpm/@tanstack+query-core@5.90.16/node_modules/@tanstack/query-core/build/legacy/hydration-C-jfQLut.d.ts(156,5): error TS18028: Private identifiers are only available when targeting ECMAScript 2015 and higher.
node_modules/.pnpm/@tanstack+query-core@5.90.16/node_modules/@tanstack/query-core/build/legacy/hydration-C-jfQLut.d.ts(205,5): error TS18028: Private identifiers are only available when targeting ECMAScript 2015 and higher.
node_modules/.pnpm/@tanstack+query-core@5.90.16/node_modules/@tanstack/query-core/build/legacy/hydration-C-jfQLut.d.ts(266,5): error TS18028: Private identifiers are only available when targeting ECMAScript 2015 and higher.
node_modules/.pnpm/@tanstack+query-core@5.90.16/node_modules/@tanstack/query-core/build/legacy/hydration-C-jfQLut.d.ts(427,5): error TS18028: Private identifiers are only available when targeting ECMAScript 2015 and higher.
node_modules/.pnpm/@tanstack+query-core@5.90.16/node_modules/@tanstack/query-core/build/legacy/hydration-C-jfQLut.d.ts(444,5): error TS18028: Private identifiers are only available when targeting ECMAScript 2015 and higher.
node_modules/.pnpm/@tanstack+query-core@5.90.16/node_modules/@tanstack/query-core/build/legacy/onlineManager.d.ts(6,5): error TS18028: Private identifiers are only available when targeting ECMAScript 2015 and higher.
node_modules/.pnpm/@tanstack+query-core@5.90.16/node_modules/@tanstack/query-core/build/legacy/queriesObserver.d.ts(11,5): error TS18028: Private identifiers are only available when targeting ECMAScript 2015 and higher.
node_modules/.pnpm/@tanstack+query-core@5.90.16/node_modules/@tanstack/query-core/build/legacy/removable.d.ts(2,5): error TS18028: Private identifiers are only available when targeting ECMAScript 2015 and higher.
node_modules/.pnpm/@tanstack+query-core@5.90.16/node_modules/@tanstack/query-core/build/legacy/timeoutManager.d.ts(41,5): error TS18028: Private identifiers are only available when targeting ECMAScript 2015 and higher.
src/app/dashboard/[slug]/[lessonId]/_components/CourseContent.tsx(3,34): error TS2307: Cannot find module '@/app/data/course/get-lesson-content' or its corresponding type declarations.
src/app/dashboard/[slug]/[lessonId]/_components/CourseContent.tsx(4,35): error TS2307: Cannot find module '@/components/rich-text-editor/RenderDescription' or its corresponding type declarations.
src/app/dashboard/[slug]/[lessonId]/_components/CourseContent.tsx(5,24): error TS2307: Cannot find module '@/components/ui/button' or its corresponding type declarations.
src/app/dashboard/[slug]/[lessonId]/_components/CourseContent.tsx(6,30): error TS2307: Cannot find module '@/hooks/use-confetti2' or its corresponding type declarations.
src/app/dashboard/[slug]/[lessonId]/_components/CourseContent.tsx(7,30): error TS2307: Cannot find module '@/hooks/use-construct-url' or its corresponding type declarations.
src/app/dashboard/[slug]/[lessonId]/_components/CourseContent.tsx(19,41): error TS2307: Cannot find module '@/app/data/course/get-signed-video-url' or its corresponding type declarations.
src/app/dashboard/[slug]/[lessonId]/_components/CourseContent.tsx(20,21): error TS2307: Cannot find module '@/lib/env' or its corresponding type declarations.
src/app/dashboard/[slug]/[lessonId]/_components/CourseContent.tsx(22,42): error TS2307: Cannot find module '@/lib/chat-cache' or its corresponding type declarations.
src/app/dashboard/[slug]/[lessonId]/_components/CourseContent.tsx(23,31): error TS2307: Cannot find module '@/lib/secure-storage' or its corresponding type declarations.
src/app/dashboard/[slug]/[lessonId]/_components/CourseContent.tsx(24,45): error TS2307: Cannot find module '@/components/video-player/VideoPlayer' or its corresponding type declarations.
src/app/dashboard/[slug]/[lessonId]/_components/CourseContent.tsx(25,8): error TS1259: Module '"D:/lms/nextcareerlabs/node_modules/.pnpm/@types+crypto-js@4.2.2/node_modules/@types/crypto-js/index"' can only be default-imported using the 'esModuleInterop' flag
src/app/dashboard/[slug]/[lessonId]/_components/CourseContent.tsx(27,33): error TS6142: Module './AssessmentModal' was resolved to 'D:/lms/nextcareerlabs/src/app/dashboard/[slug]/[lessonId]/_components/AssessmentModal.tsx', but '--jsx' is not set.
src/app/dashboard/[slug]/[lessonId]/_components/CourseContent.tsx(29,26): error TS2307: Cannot find module '@/components/ui/skeleton' or its corresponding type declarations.
src/app/dashboard/[slug]/[lessonId]/_components/CourseContent.tsx(30,20): error TS2307: Cannot find module '@/components/ui/Loader' or its corresponding type declarations.
src/app/dashboard/[slug]/[lessonId]/_components/CourseContent.tsx(31,39): error TS6142: Module './lessonSkeleton' was resolved to 'D:/lms/nextcareerlabs/src/app/dashboard/[slug]/[lessonId]/_components/lessonSkeleton.tsx', but '--jsx' is not set.
src/app/dashboard/[slug]/[lessonId]/_components/CourseContent.tsx(38,8): error TS2307: Cannot find module '@/components/ui/drawer' or its corresponding type declarations.
src/app/dashboard/[slug]/[lessonId]/_components/CourseContent.tsx(841,7): error TS17004: Cannot use JSX unless the '--jsx' flag is provided.
src/app/dashboard/[slug]/[lessonId]/_components/CourseContent.tsx(842,9): error TS17004: Cannot use JSX unless the '--jsx' flag is provided.
src/app/dashboard/[slug]/[lessonId]/_components/CourseContent.tsx(843,11): error TS17004: Cannot use JSX unless the '--jsx' flag is provided.
src/app/dashboard/[slug]/[lessonId]/_components/CourseContent.tsx(844,11): error TS17004: Cannot use JSX unless the '--jsx' flag is provided.
src/app/dashboard/[slug]/[lessonId]/_components/CourseContent.tsx(855,7): error TS17004: Cannot use JSX unless the '--jsx' flag is provided.
src/app/dashboard/[slug]/[lessonId]/_components/CourseContent.tsx(856,9): error TS17004: Cannot use JSX unless the '--jsx' flag is provided.
src/app/dashboard/[slug]/[lessonId]/_components/CourseContent.tsx(857,9): error TS17004: Cannot use JSX unless the '--jsx' flag is provided.
src/app/dashboard/[slug]/[lessonId]/_components/CourseContent.tsx(866,5): error TS17004: Cannot use JSX unless the '--jsx' flag is provided.
src/app/dashboard/[slug]/[lessonId]/_components/CourseContent.tsx(871,9): error TS17004: Cannot use JSX unless the '--jsx' flag is provided.
src/app/dashboard/[slug]/[lessonId]/_components/CourseContent.tsx(891,7): error TS17004: Cannot use JSX unless the '--jsx' flag is provided.
src/app/dashboard/[slug]/[lessonId]/_components/CourseContent.tsx(953,12): error TS17004: Cannot use JSX unless the '--jsx' flag is provided.
src/app/dashboard/[slug]/[lessonId]/_components/CourseContent.tsx(958,7): error TS17004: Cannot use JSX unless the '--jsx' flag is provided.
src/app/dashboard/[slug]/[lessonId]/_components/CourseContent.tsx(965,5): error TS17004: Cannot use JSX unless the '--jsx' flag is provided.
src/app/dashboard/[slug]/[lessonId]/_components/CourseContent.tsx(966,7): error TS17004: Cannot use JSX unless the '--jsx' flag is provided.
src/app/dashboard/[slug]/[lessonId]/_components/CourseContent.tsx(968,9): error TS17004: Cannot use JSX unless the '--jsx' flag is provided.
src/app/dashboard/[slug]/[lessonId]/_components/CourseContent.tsx(969,11): error TS17004: Cannot use JSX unless the '--jsx' flag is provided.
src/app/dashboard/[slug]/[lessonId]/_components/CourseContent.tsx(992,9): error TS17004: Cannot use JSX unless the '--jsx' flag is provided.
src/app/dashboard/[slug]/[lessonId]/_components/CourseContent.tsx(993,11): error TS17004: Cannot use JSX unless the '--jsx' flag is provided.
src/app/dashboard/[slug]/[lessonId]/_components/CourseContent.tsx(999,9): error TS17004: Cannot use JSX unless the '--jsx' flag is provided.
src/app/dashboard/[slug]/[lessonId]/_components/CourseContent.tsx(1000,11): error TS17004: Cannot use JSX unless the '--jsx' flag is provided.
src/app/dashboard/[slug]/[lessonId]/_components/CourseContent.tsx(1001,13): error TS17004: Cannot use JSX unless the '--jsx' flag is provided.
src/app/dashboard/[slug]/[lessonId]/_components/CourseContent.tsx(1009,17): error TS17004: Cannot use JSX unless the '--jsx' flag is provided.
src/app/dashboard/[slug]/[lessonId]/_components/CourseContent.tsx(1011,17): error TS17004: Cannot use JSX unless the '--jsx' flag is provided.
src/app/dashboard/[slug]/[lessonId]/_components/CourseContent.tsx(1012,19): error TS17004: Cannot use JSX unless the '--jsx' flag is provided.
src/app/dashboard/[slug]/[lessonId]/_components/CourseContent.tsx(1021,11): error TS17004: Cannot use JSX unless the '--jsx' flag is provided.
src/app/dashboard/[slug]/[lessonId]/_components/CourseContent.tsx(1025,13): error TS17004: Cannot use JSX unless the '--jsx' flag is provided.
src/app/dashboard/[slug]/[lessonId]/_components/CourseContent.tsx(1026,15): error TS17004: Cannot use JSX unless the '--jsx' flag is provided.
src/app/dashboard/[slug]/[lessonId]/_components/CourseContent.tsx(1031,17): error TS17004: Cannot use JSX unless the '--jsx' flag is provided.
src/app/dashboard/[slug]/[lessonId]/_components/CourseContent.tsx(1034,13): error TS17004: Cannot use JSX unless the '--jsx' flag is provided.
src/app/dashboard/[slug]/[lessonId]/_components/CourseContent.tsx(1035,15): error TS17004: Cannot use JSX unless the '--jsx' flag is provided.
src/app/dashboard/[slug]/[lessonId]/_components/CourseContent.tsx(1036,17): error TS17004: Cannot use JSX unless the '--jsx' flag is provided.
src/app/dashboard/[slug]/[lessonId]/_components/CourseContent.tsx(1039,17): error TS17004: Cannot use JSX unless the '--jsx' flag is provided.
src/app/dashboard/[slug]/[lessonId]/_components/CourseContent.tsx(1042,17): error TS17004: Cannot use JSX unless the '--jsx' flag is provided.
src/app/dashboard/[slug]/[lessonId]/_components/CourseContent.tsx(1046,19): error TS17004: Cannot use JSX unless the '--jsx' flag is provided.
src/app/dashboard/[slug]/[lessonId]/_components/CourseContent.tsx(1047,21): error TS17004: Cannot use JSX unless the '--jsx' flag is provided.
src/app/dashboard/[slug]/[lessonId]/_components/CourseContent.tsx(1051,23): error TS17004: Cannot use JSX unless the '--jsx' flag is provided.
src/app/dashboard/[slug]/[lessonId]/_components/CourseContent.tsx(1063,9): error TS17004: Cannot use JSX unless the '--jsx' flag is provided.
src/app/dashboard/[slug]/[lessonId]/_components/CourseContent.tsx(1064,11): error TS17004: Cannot use JSX unless the '--jsx' flag is provided.
src/app/dashboard/[slug]/[lessonId]/_components/CourseContent.tsx(1065,13): error TS17004: Cannot use JSX unless the '--jsx' flag is provided.
src/app/dashboard/[slug]/[lessonId]/_components/CourseContent.tsx(1072,17): error TS17004: Cannot use JSX unless the '--jsx' flag is provided.
src/app/dashboard/[slug]/[lessonId]/_components/CourseContent.tsx(1074,17): error TS17004: Cannot use JSX unless the '--jsx' flag is provided.
src/app/dashboard/[slug]/[lessonId]/_components/CourseContent.tsx(1075,19): error TS17004: Cannot use JSX unless the '--jsx' flag is provided.
src/app/dashboard/[slug]/[lessonId]/_components/CourseContent.tsx(1084,11): error TS17004: Cannot use JSX unless the '--jsx' flag is provided.
src/app/dashboard/[slug]/[lessonId]/_components/CourseContent.tsx(1085,13): error TS17004: Cannot use JSX unless the '--jsx' flag is provided.
src/app/dashboard/[slug]/[lessonId]/_components/CourseContent.tsx(1090,15): error TS17004: Cannot use JSX unless the '--jsx' flag is provided.
src/app/dashboard/[slug]/[lessonId]/_components/CourseContent.tsx(1099,9): error TS17004: Cannot use JSX unless the '--jsx' flag is provided.
src/app/dashboard/[slug]/[lessonId]/_components/CourseContent.tsx(1100,11): error TS17004: Cannot use JSX unless the '--jsx' flag is provided.
src/app/dashboard/[slug]/[lessonId]/_components/CourseContent.tsx(1101,13): error TS17004: Cannot use JSX unless the '--jsx' flag is provided.
src/app/dashboard/[slug]/[lessonId]/_components/CourseContent.tsx(1102,15): error TS17004: Cannot use JSX unless the '--jsx' flag is provided.
src/app/dashboard/[slug]/[lessonId]/_components/CourseContent.tsx(1105,13): error TS17004: Cannot use JSX unless the '--jsx' flag is provided.
src/app/dashboard/[slug]/[lessonId]/_components/CourseContent.tsx(1111,15): error TS17004: Cannot use JSX unless the '--jsx' flag is provided.
src/app/dashboard/[slug]/[lessonId]/_components/CourseContent.tsx(1114,11): error TS17004: Cannot use JSX unless the '--jsx' flag is provided.
src/app/dashboard/[slug]/[lessonId]/_components/CourseContent.tsx(1118,13): error TS17004: Cannot use JSX unless the '--jsx' flag is provided.
src/app/dashboard/[slug]/[lessonId]/_components/CourseContent.tsx(1119,13): error TS17004: Cannot use JSX unless the '--jsx' flag is provided.
src/app/dashboard/[slug]/[lessonId]/_components/CourseContent.tsx(1126,9): error TS17004: Cannot use JSX unless the '--jsx' flag is provided.
src/app/dashboard/[slug]/[lessonId]/actions.ts(3,29): error TS2307: Cannot find module '@/app/data/user/require-user' or its corresponding type declarations.
src/app/dashboard/[slug]/[lessonId]/actions.ts(4,24): error TS2307: Cannot find module '@/lib/db' or its corresponding type declarations.
src/app/dashboard/[slug]/[lessonId]/actions.ts(5,29): error TS2307: Cannot find module '@/lib/types/auth' or its corresponding type declarations.
src/app/dashboard/[slug]/[lessonId]/actions.ts(12,8): error TS2307: Cannot find module '@/lib/redis' or its corresponding type declarations.
src/app/dashboard/[slug]/[lessonId]/actions.ts(13,37): error TS2307: Cannot find module '@/lib/constants' or its corresponding type declarations.
