src/app/admin/courses/[courseId]/edit/_components/CourseStructure.tsx(3,58): error TS2307: Cannot find module '@/components/ui/card' or its corresponding type declarations.
src/app/admin/courses/[courseId]/edit/_components/CourseStructure.tsx(22,41): error TS2307: Cannot find module '@/app/data/admin/admin-get-course' or its corresponding type declarations.
src/app/admin/courses/[courseId]/edit/_components/CourseStructure.tsx(23,20): error TS2307: Cannot find module '@/lib/utils' or its corresponding type declarations.
src/app/admin/courses/[courseId]/edit/_components/CourseStructure.tsx(28,8): error TS2307: Cannot find module '@/components/ui/collapsible' or its corresponding type declarations.
src/app/admin/courses/[courseId]/edit/_components/CourseStructure.tsx(36,24): error TS2307: Cannot find module '@/components/ui/button' or its corresponding type declarations.
src/app/admin/courses/[courseId]/edit/_components/CourseStructure.tsx(47,27): error TS2307: Cannot find module '@/lib/chat-cache' or its corresponding type declarations.
src/app/admin/courses/[courseId]/edit/_components/CourseStructure.tsx(183,50): error TS2698: Spread types may only be created from object types.
src/app/admin/courses/[courseId]/edit/_components/DeleteChapter.tsx(10,8): error TS2307: Cannot find module '@/components/ui/alert-dialog' or its corresponding type declarations.
src/app/admin/courses/[courseId]/edit/_components/DeleteChapter.tsx(11,24): error TS2307: Cannot find module '@/components/ui/button' or its corresponding type declarations.
src/app/admin/courses/[courseId]/edit/_components/DeleteChapter.tsx(12,26): error TS2307: Cannot find module '@/hooks/try-catch' or its corresponding type declarations.
src/app/admin/courses/[courseId]/edit/_components/DeleteChapter.tsx(17,27): error TS2307: Cannot find module '@/lib/chat-cache' or its corresponding type declarations.
src/app/admin/courses/[courseId]/edit/_components/DeleteLesson.tsx(10,8): error TS2307: Cannot find module '@/components/ui/alert-dialog' or its corresponding type declarations.
src/app/admin/courses/[courseId]/edit/_components/DeleteLesson.tsx(11,24): error TS2307: Cannot find module '@/components/ui/button' or its corresponding type declarations.
src/app/admin/courses/[courseId]/edit/_components/DeleteLesson.tsx(12,26): error TS2307: Cannot find module '@/hooks/try-catch' or its corresponding type declarations.
src/app/admin/courses/[courseId]/edit/_components/DeleteLesson.tsx(17,27): error TS2307: Cannot find module '@/lib/chat-cache' or its corresponding type declarations.
src/app/admin/courses/[courseId]/edit/_components/EditChapter.tsx(11,8): error TS2307: Cannot find module '@/components/ui/dialog' or its corresponding type declarations.
src/app/admin/courses/[courseId]/edit/_components/EditChapter.tsx(12,24): error TS2307: Cannot find module '@/components/ui/button' or its corresponding type declarations.
src/app/admin/courses/[courseId]/edit/_components/EditChapter.tsx(13,23): error TS2307: Cannot find module '@/components/ui/input' or its corresponding type declarations.
src/app/admin/courses/[courseId]/edit/_components/EditChapter.tsx(14,26): error TS2307: Cannot find module '@/hooks/try-catch' or its corresponding type declarations.
src/app/admin/courses/[courseId]/edit/_components/NewChapterModel.tsx(1,24): error TS2307: Cannot find module '@/components/ui/button' or its corresponding type declarations.
src/app/admin/courses/[courseId]/edit/_components/NewChapterModel.tsx(10,8): error TS2307: Cannot find module '@/components/ui/dialog' or its corresponding type declarations.
src/app/admin/courses/[courseId]/edit/_components/NewChapterModel.tsx(18,8): error TS2307: Cannot find module '@/components/ui/form' or its corresponding type declarations.
src/app/admin/courses/[courseId]/edit/_components/NewChapterModel.tsx(19,23): error TS2307: Cannot find module '@/components/ui/input' or its corresponding type declarations.
src/app/admin/courses/[courseId]/edit/_components/NewChapterModel.tsx(20,26): error TS2307: Cannot find module '@/hooks/try-catch' or its corresponding type declarations.
src/app/admin/courses/[courseId]/edit/_components/NewChapterModel.tsx(21,50): error TS2307: Cannot find module '@/lib/zodSchemas' or its corresponding type declarations.
src/app/admin/courses/[courseId]/edit/_components/NewChapterModel.tsx(28,27): error TS2307: Cannot find module '@/lib/chat-cache' or its corresponding type declarations.
src/app/admin/courses/[courseId]/edit/_components/NewLessonModel.tsx(1,24): error TS2307: Cannot find module '@/components/ui/button' or its corresponding type declarations.
src/app/admin/courses/[courseId]/edit/_components/NewLessonModel.tsx(10,8): error TS2307: Cannot find module '@/components/ui/dialog' or its corresponding type declarations.
src/app/admin/courses/[courseId]/edit/_components/NewLessonModel.tsx(18,8): error TS2307: Cannot find module '@/components/ui/form' or its corresponding type declarations.
src/app/admin/courses/[courseId]/edit/_components/NewLessonModel.tsx(19,23): error TS2307: Cannot find module '@/components/ui/input' or its corresponding type declarations.
src/app/admin/courses/[courseId]/edit/_components/NewLessonModel.tsx(20,26): error TS2307: Cannot find module '@/hooks/try-catch' or its corresponding type declarations.
src/app/admin/courses/[courseId]/edit/_components/NewLessonModel.tsx(21,48): error TS2307: Cannot find module '@/lib/zodSchemas' or its corresponding type declarations.
src/app/admin/courses/[courseId]/edit/_components/NewLessonModel.tsx(28,27): error TS2307: Cannot find module '@/lib/chat-cache' or its corresponding type declarations.
src/app/admin/courses/[courseId]/edit/actions.ts(3,30): error TS2307: Cannot find module '@/app/data/admin/require-admin' or its corresponding type declarations.
src/app/admin/courses/[courseId]/edit/actions.ts(4,37): error TS2307: Cannot find module '@/lib/arcjet' or its corresponding type declarations.
src/app/admin/courses/[courseId]/edit/actions.ts(5,24): error TS2307: Cannot find module '@/lib/db' or its corresponding type declarations.
src/app/admin/courses/[courseId]/edit/actions.ts(6,29): error TS2307: Cannot find module '@/lib/types/auth' or its corresponding type declarations.
src/app/admin/courses/[courseId]/edit/actions.ts(14,8): error TS2307: Cannot find module '@/lib/zodSchemas' or its corresponding type declarations.
src/app/admin/courses/[courseId]/edit/actions.ts(17,76): error TS2307: Cannot find module '@/lib/redis' or its corresponding type declarations.
src/app/admin/courses/[courseId]/edit/actions.ts(18,39): error TS2307: Cannot find module '@/app/data/notifications/actions' or its corresponding type declarations.
src/app/admin/courses/[courseId]/edit/actions.ts(19,32): error TS2307: Cannot find module '@/app/data/admin/admin-get-course' or its corresponding type declarations.
src/app/admin/courses/[courseId]/edit/actions.ts(403,43): error TS2307: Cannot find module '@/lib/s3-delete-utils' or its corresponding type declarations.
src/app/admin/courses/[courseId]/edit/actions.ts(504,43): error TS2307: Cannot find module '@/lib/s3-delete-utils' or its corresponding type declarations.
